To run these tests, simply run steps.py (with -v as an option if you want to see more details)

>>> import sqlalchemy
>>> sqlalchemy.__version__ 
'0.7.9'

How to connect using a database URL - you may want to use echo=True for manual testing

>>> from sqlalchemy import create_engine
>>> engine = create_engine('sqlite:///:memory:', echo=False)

Running a simple SQL statement directly on the connection

>>> engine.execute("select 1").scalar()
1

Importing declarative and setting up a base class:

>>> from sqlalchemy.ext.declarative import declarative_base
>>> Base = declarative_base()

Our first ORM record class:

>>> from sqlalchemy import Column, Integer, String
>>> class User(Base):
...     __tablename__ = 'users'
...
...     id = Column(Integer, primary_key=True)
...     name = Column(String)
...     fullname = Column(String)
...     password = Column(String)
...
...     def __init__(self, name, fullname, password):
...         self.name = name
...         self.fullname = fullname
...         self.password = password
...
...     def __repr__(self):
...        return "<User('%s','%s', '%s')>" % (self.name, self.fullname, self.password)

>>> User.__table__ # doctest: +NORMALIZE_WHITESPACE
Table('users', MetaData(bind=None),
            Column('id', Integer(), table=<users>, primary_key=True, nullable=False),
            Column('name', String(), table=<users>),
            Column('fullname', String(), table=<users>),
            Column('password', String(), table=<users>), schema=None)

>>> User.__mapper__ # doctest: +ELLIPSIS
<Mapper at 0x...; User>

Actually creating the table:

>>> Base.metadata.create_all(engine)

An ORM record:

>>> ed_user = User('ed', 'Ed Jones', 'edspassword')
>>> ed_user.name
'ed'
>>> ed_user.password
'edspassword'
>>> str(ed_user.id)
'None'


>>> from sqlalchemy.orm import sessionmaker
>>> Session = sessionmaker(bind=engine)
>>> session = Session()

>>> session.add(ed_user)

>>> our_user = session.query(User).filter_by(name='ed').first() # doctest:+ELLIPSIS,+NORMALIZE_WHITESPACE
>>> our_user
<User('ed','Ed Jones', 'edspassword')>
>>> ed_user is our_user
True

>>> session.add_all([
...     User('wendy', 'Wendy Williams', 'foobar'),
...     User('mary', 'Mary Contrary', 'xxg527'),
...     User('fred', 'Fred Flinstone', 'blah')])
>>> ed_user.password = 'f8s7ccs'
>>> session.dirty
IdentitySet([<User('ed','Ed Jones', 'f8s7ccs')>])
>>> session.new  # doctest: +SKIP
IdentitySet([<User('wendy','Wendy Williams', 'foobar')>,
<User('mary','Mary Contrary', 'xxg527')>,
<User('fred','Fred Flinstone', 'blah')>])
>>> session.commit()

>>> ed_user.id # doctest: +NORMALIZE_WHITESPACE
1

>>> ed_user.name = 'Edwardo'
>>> fake_user = User('fakeuser', 'Invalid', '12345')
>>> session.add(fake_user)

>>> session.query(User).filter(User.name.in_(['Edwardo', 'fakeuser'])).all() #doctest: +NORMALIZE_WHITESPACE
[<User('Edwardo','Ed Jones', 'f8s7ccs')>, <User('fakeuser','Invalid', '12345')>]

>>> session.rollback()
>>> ed_user.name #doctest: +NORMALIZE_WHITESPACE
u'ed'
>>> fake_user in session
False

>>> session.query(User).filter(User.name.in_(['ed', 'fakeuser'])).all() #doctest: +NORMALIZE_WHITESPACE
[<User('ed','Ed Jones', 'f8s7ccs')>]

Querying, objects or named tuples:

>>> for instance in session.query(User).order_by(User.id): # doctest: +NORMALIZE_WHITESPACE
...     print instance.name, instance.fullname
ed Ed Jones
wendy Wendy Williams
mary Mary Contrary
fred Fred Flinstone

>>> for name, fullname in session.query(User.name, User.fullname): # doctest: +NORMALIZE_WHITESPACE
...     print name, fullname
ed Ed Jones
wendy Wendy Williams
mary Mary Contrary
fred Fred Flinstone

>>> for row in session.query(User, User.name).all(): #doctest: +NORMALIZE_WHITESPACE
...    print row.User, row.name
<User('ed','Ed Jones', 'f8s7ccs')> ed
<User('wendy','Wendy Williams', 'foobar')> wendy
<User('mary','Mary Contrary', 'xxg527')> mary
<User('fred','Fred Flinstone', 'blah')> fred

Aliasing query results:

>>> for row in session.query(User.name.label('name_label')).all(): #doctest: +NORMALIZE_WHITESPACE
...    print(row.name_label)
ed
wendy
mary
fred

>>> from sqlalchemy.orm import aliased
>>> user_alias = aliased(User, name='user_alias')
>>> for row in session.query(user_alias, user_alias.name).all(): #doctest: +NORMALIZE_WHITESPACE
...    print row.user_alias
<User('ed','Ed Jones', 'f8s7ccs')>
<User('wendy','Wendy Williams', 'foobar')>
<User('mary','Mary Contrary', 'xxg527')>
<User('fred','Fred Flinstone', 'blah')>

